// Jest Snapshot v1, https://goo.gl/fbAQLP

exports[`renders correctly 1`] = `
<div
  className="overlay auth-screen"
>
  <div
    className="panel"
  >
    <div>
      Welcome, 
      Test User
      !
    </div>
    <button
      className="btn btn-outline-primary"
      onClick={[Function]}
      type="button"
    >
      Close
    </button>
    <button
      className="btn btn-outline-danger"
      onClick={[Function]}
      type="button"
    >
      Log Out
    </button>
  </div>
</div>
`;
